def get_adjacency(
    facets,
    points=None,
    max_degree=None,
    dtypes={'ints': np.int64, 'floats': np.float32},
):
    """get_adjacency.

    Parameters
    ----------
    facets :
        facets
    points :
        points
    max_degree :
        max_degree
    dtypes :
        dtypes
    """
    pass


def get_adjacency2(
    facets,
    points=None,
    max_degree=None,
    dtypes={'ints': np.int64, 'floats': np.float32},
) -> List[int]:
    """get_adjacency2.

    Parameters
    ----------
    facets :
        facets
    points :
        points
    max_degree :
        max_degree
    dtypes :
        dtypes

    Returns
    -------
    List[int]

    """
    pass
