def get_adjacency(
    facets,
    points=None,
    max_degree=None,
    dtypes={'ints': np.int64, 'floats': np.float32},
):
    """get_adjacency.

    :param facets:
    :param points:
    :param max_degree:
    :param dtypes:
    """
    pass


def get_adjacency2(
    facets,
    points=None,
    max_degree=None,
    dtypes={'ints': np.int64, 'floats': np.float32},
) -> List[int]:
    """get_adjacency2.

    :param facets:
    :param points:
    :param max_degree:
    :param dtypes:
    :rtype: List[int]
    """
    pass
