class Foo:
    """Foo."""

    class Meta:
        """Meta."""

        def foo(self, arg1):
            """foo.

            :param arg1:
            """
            pass

    def bar(self, arg1):
        """bar.

        :param arg1:
        """
        pass
